// Jest Snapshot v1, https://goo.gl/fbAQLP

exports[`BasicTextInput test tests BasicTextInput renders correctly  1`] = `
<input
  className="css-1puhmno"
  type="text"
/>
`;
