// Jest Snapshot v1, https://goo.gl/fbAQLP

exports[`TextInputWithValidation test tests TextInputWithValidation renders correctly  1`] = `
<div
  className="css-emrd1e"
>
  <input
    className=" css-1puhmno"
    onChange={[Function]}
    type="text"
    value=""
  />
  <ul />
</div>
`;
