// Jest Snapshot v1, https://goo.gl/fbAQLP

exports[`UnderlineTextInput test tests UnderlineTextInput renders correctly  1`] = `
<input
  className="css-1ym2sj7"
  type="text"
/>
`;
