// Jest Snapshot v1, https://goo.gl/fbAQLP

exports[`FlatButton test tests FlatButton renders correctly  1`] = `
<button
  className="css-15gv13u"
/>
`;
