// Jest Snapshot v1, https://goo.gl/fbAQLP

exports[`MaterialButton test tests MaterialButton renders correctly  1`] = `
<button
  className="css-1uurvcs"
/>
`;
