// Jest Snapshot v1, https://goo.gl/fbAQLP

exports[`ToggleButton test tests ToggleButton renders correctly  1`] = `
<div
  className="css-1cm4m5i"
>
  <div>
    item 1
  </div>
  <div>
    item 2
  </div>
  <div>
    item 3
  </div>
  <div>
    item 4
  </div>
</div>
`;
