// Jest Snapshot v1, https://goo.gl/fbAQLP

exports[`Arrow test tests Arrow render correctly 1`] = `
<div
  className="css-tpx3lo"
>
  <img
    alt="img-0"
    className="img "
    src="test"
  />
  <img
    alt="img-1"
    className="img img-inactive"
    src="test"
  />
</div>
`;
